[refresh] $ python3 build-review-html.py .human-review/content.json --out .human-review/review.html --no-model
[review] content.json's findings title ('Read and declined') is ignored — the Review tab's headings are the builder's
[review] content.json's assumptions title ('Decided where the ticket did not') is ignored — the Review tab's headings are the builder's
[review] content.json's autofixes title ('Fixed after review') is ignored — the Review tab's headings are the builder's
[review] pr-comments.json: its commit 7fe310ab is not on this branch (not an ancestor of HEAD) — rebuilt from review-points.md at e7b807e8
[review] no pull request named in content.json (`pr.number` / `pr.url`) — the Review tab offers no 'Publish comment on GitHub PR'
[review] Tests matrix: 27 sentences × 88 tests — 3 links by script (unconfirmed), 61 by model, 35 rejected, 0 sentences not paired yet
[review] WARNING: tab 'sequence': the testpairs block's title dropped — the tests beside the sequences are read off the diagrams and the tags, and the heading is the skill's
[review] difflink: petclinic-backend/src/main/java/victor/training/petclinic/rest/OwnerSort.java does not exist at 98cb82a7249fe9341595b3a5beb4b7a71a7f22ec (fatal: path 'petclinic-backend/src/main/java/victor/training/petclinic/rest/OwnerSort.java' exists on disk, but not in '98cb82a7249fe9341595b3a5beb4b7a71a7f22ec') — link dropped, because a diff needs a before-state that was actually recorded
[review] difflink: petclinic-backend/src/test/java/victor/training/petclinic/repository/OwnerListIndexesMigrationTest.java does not exist at 98cb82a7249fe9341595b3a5beb4b7a71a7f22ec (fatal: path 'petclinic-backend/src/test/java/victor/training/petclinic/repository/OwnerListIndexesMigrationTest.java' exists on disk, but not in '98cb82a7249fe9341595b3a5beb4b7a71a7f22ec') — link dropped, because a diff needs a before-state that was actually recorded
[review] difflink: petclinic-backend/src/test/java/victor/training/petclinic/rest/OwnerListQueryBudgetTest.java does not exist at 98cb82a7249fe9341595b3a5beb4b7a71a7f22ec (fatal: path 'petclinic-backend/src/test/java/victor/training/petclinic/rest/OwnerListQueryBudgetTest.java' exists on disk, but not in '98cb82a7249fe9341595b3a5beb4b7a71a7f22ec') — link dropped, because a diff needs a before-state that was actually recorded
[review] difflink: petclinic-backend/src/main/resources/db/migration/V4__owner_list_indexes.sql does not exist at 98cb82a7249fe9341595b3a5beb4b7a71a7f22ec (fatal: path 'petclinic-backend/src/main/resources/db/migration/V4__owner_list_indexes.sql' exists on disk, but not in '98cb82a7249fe9341595b3a5beb4b7a71a7f22ec') — link dropped, because a diff needs a before-state that was actually recorded
[review] difflink: petclinic-backend/src/main/java/victor/training/petclinic/rest/OwnerSort.java does not exist at 98cb82a7249fe9341595b3a5beb4b7a71a7f22ec (fatal: path 'petclinic-backend/src/main/java/victor/training/petclinic/rest/OwnerSort.java' exists on disk, but not in '98cb82a7249fe9341595b3a5beb4b7a71a7f22ec') — link dropped, because a diff needs a before-state that was actually recorded
[review] difflink: petclinic-backend/src/test/java/victor/training/petclinic/rest/OwnerListTest.java does not exist at 98cb82a7249fe9341595b3a5beb4b7a71a7f22ec (fatal: path 'petclinic-backend/src/test/java/victor/training/petclinic/rest/OwnerListTest.java' exists on disk, but not in '98cb82a7249fe9341595b3a5beb4b7a71a7f22ec') — link dropped, because a diff needs a before-state that was actually recorded
[review] difflink: petclinic-backend/src/test/java/victor/training/petclinic/rest/OwnerListTest.java does not exist at 98cb82a7249fe9341595b3a5beb4b7a71a7f22ec (fatal: path 'petclinic-backend/src/test/java/victor/training/petclinic/rest/OwnerListTest.java' exists on disk, but not in '98cb82a7249fe9341595b3a5beb4b7a71a7f22ec') — link dropped, because a diff needs a before-state that was actually recorded
[review] difflink: petclinic-test/src/add-visit.spec.ts is identical at 98cb82a7249fe9341595b3a5beb4b7a71a7f22ec and in the working tree — link dropped rather than opening an empty diff
[review] tabs kept as context (struck through, no delta): Structure
[review] wrote /Users/victorrentea/workspace/petclinic-eval/.human-review/review.html
[refresh] $ python3 serve-review.py .human-review
http://127.0.0.1:7656/review.html
