  * basestack -> (no tab)
    $ git merge-base eb6a0d1f58053105682bba4325dcc66f808b29f5 HEAD
    $ git rev-parse eb6a0d1f58053105682bba4325dcc66f808b29f5
    $ git rev-parse --short eb6a0d1f58053105682bba4325dcc66f808b29f5
    $ ./start-docker.sh up --ref eb6a0d1f58053105682bba4325dcc66f808b29f5 --ttl 1800
🐳 building petclinic-eb6a0d1f from eb6a0d1f  (this takes a few minutes the first time)
#1 [internal] load local bake definitions
#1 reading from stdin 2.79kB done
#1 DONE 0.0s

#2 [reset internal] load build definition from Dockerfile
#2 transferring dockerfile: 1.31kB done
#2 DONE 0.0s

#3 [frontend internal] load build definition from Dockerfile
#3 transferring dockerfile: 1.67kB done
#3 DONE 0.0s

#4 [backend internal] load build definition from Dockerfile
#4 transferring dockerfile: 1.22kB done
#4 DONE 0.0s

#5 [notification internal] load build definition from Dockerfile
#5 transferring dockerfile: 1.22kB done
#5 DONE 0.0s

#6 [reset internal] load metadata for docker.io/library/alpine:3.20
#6 DONE 0.0s

#7 [frontend internal] load metadata for docker.io/library/nginx:1.27-alpine
#7 DONE 0.0s

#8 [frontend internal] load metadata for docker.io/library/node:18-bookworm-slim
#8 DONE 0.0s

#9 [notification internal] load metadata for docker.io/library/eclipse-temurin:21-jre
#9 DONE 0.0s

#10 [notification internal] load metadata for docker.io/library/maven:3.9-eclipse-temurin-21
#10 DONE 0.0s

#11 [reset context fixtures] load .dockerignore
#11 transferring fixtures: 2B done
#11 DONE 0.0s

#12 [notification context commons] load .dockerignore
#12 transferring commons: 2B done
#12 DONE 0.0s

#13 [frontend internal] load .dockerignore
#13 transferring context: 67B done
#13 DONE 0.0s

#14 [reset internal] load .dockerignore
#14 transferring context: 2B done
#14 DONE 0.0s

#15 [frontend build 1/7] FROM docker.io/library/node:18-bookworm-slim
#15 DONE 0.0s

#16 [frontend internal] load build context
#16 DONE 0.0s

#17 [frontend runtime 1/4] FROM docker.io/library/nginx:1.27-alpine
#17 DONE 0.0s

#18 [backend internal] load .dockerignore
#18 transferring context: 230B done
#18 DONE 0.1s

#19 [reset stage-0 1/5] FROM docker.io/library/alpine:3.20
#19 DONE 0.0s

#20 [notification internal] load .dockerignore
#20 transferring context: 60B done
#20 DONE 0.1s

#21 [backend stage-1 1/4] FROM docker.io/library/eclipse-temurin:21-jre
#21 DONE 0.0s

#22 [backend build 1/8] FROM docker.io/library/maven:3.9-eclipse-temurin-21
#22 DONE 0.0s

#23 [reset internal] load build context
#23 transferring context: 5.93kB 0.0s done
#23 DONE 0.1s

#24 [reset context fixtures] load from client
#24 transferring fixtures: 3.06kB done
#24 DONE 0.1s

#25 [backend context commons] load from client
#25 transferring commons: 791B done
#25 DONE 0.1s

#16 [frontend internal] load build context
#16 transferring context: 2.88MB 0.1s done
#16 DONE 0.2s

#26 [notification internal] load build context
#26 transferring context: 9.37kB done
#26 DONE 0.1s

#27 [backend context commons] load from client
#27 transferring commons: 847B done
#27 DONE 0.1s

#28 [reset stage-0 2/5] RUN apk add --no-cache postgresql16-client python3
#28 CACHED

#29 [reset stage-0 4/5] COPY --from=fixtures . /fixtures/
#29 CACHED

#30 [reset stage-0 3/5] COPY reset-server.py /reset-server.py
#30 CACHED

#31 [reset stage-0 5/5] RUN adduser -D reset && mkdir -p /seed && chown reset:reset /seed
#31 CACHED

#32 [frontend build 5/7] RUN --mount=type=cache,target=/root/.npm,sharing=locked npm ci
#32 CACHED

#33 [frontend runtime 3/4] COPY nginx.conf /etc/nginx/conf.d/default.conf
#33 CACHED

#34 [frontend build 3/7] WORKDIR /app
#34 CACHED

#35 [frontend build 4/7] COPY package.json package-lock.json ./
#35 CACHED

#36 [frontend build 6/7] COPY . .
#36 CACHED

#37 [frontend runtime 2/4] COPY --from=build /app/dist/ /usr/share/nginx/html/
#37 CACHED

#38 [frontend build 7/7] RUN npx ng build --configuration docker
#38 CACHED

#39 [frontend build 2/7] RUN apt-get update     && apt-get install -y --no-install-recommends python3 make g++     && rm -rf /var/lib/apt/lists/*
#39 CACHED

#40 [frontend runtime 4/4] COPY proxy-backend.conf /etc/nginx/proxy-backend.conf
#40 CACHED

#41 [notification stage-1 3/4] WORKDIR /app
#41 CACHED

#42 [notification build 6/8] COPY pom.xml .
#42 CACHED

#43 [notification build 8/8] RUN --mount=type=cache,target=/root/.m2,sharing=locked mvn -q -B clean package -DskipTests
#43 CACHED

#44 [notification build 7/8] COPY src ./src
#44 CACHED

#45 [notification build 3/8] COPY --from=commons src /commons/src
#45 CACHED

#46 [notification build 4/8] RUN --mount=type=cache,target=/root/.m2,sharing=locked mvn -q -B -f /commons/pom.xml install
#46 CACHED

#47 [notification stage-1 2/4] RUN apt-get update     && apt-get install -y --no-install-recommends curl     && rm -rf /var/lib/apt/lists/*
#47 CACHED

#48 [notification build 2/8] COPY --from=commons pom.xml /commons/pom.xml
#48 CACHED

#49 [notification build 5/8] WORKDIR /app
#49 CACHED

#50 [notification stage-1 4/4] COPY --from=build /app/target/*.jar app.jar
#50 CACHED

#51 [reset] exporting to image
#51 exporting layers done
#51 writing image sha256:bdc097c0ba9f925ecad87c89e00deab5456acf7849a7d8da641f0f2db26b91ef done
#51 naming to docker.io/library/petclinic-env-reset:eb6a0d1f 0.0s done
#51 DONE 0.0s

#52 [frontend] exporting to image
#52 exporting layers done
#52 writing image sha256:f752bef1c8dfad81a1f74914c30aae478e725fc1e652826ecd886cda2885747d done
#52 naming to docker.io/library/petclinic-env-frontend:eb6a0d1f done
#52 DONE 0.0s

#53 [backend internal] load build context
#53 transferring context: 457.51kB 0.0s done
#53 DONE 0.1s

#54 [reset] resolving provenance for metadata file
#54 DONE 0.0s

#55 [notification] exporting to image
#55 exporting layers done
#55 writing image sha256:a25a42a29857af7e3ba90a285ea3a702b044af8670ca3ec044e32416e5384181 done
#55 naming to docker.io/library/petclinic-env-notification:eb6a0d1f done
#55 DONE 0.2s

#56 [frontend] resolving provenance for metadata file
#56 DONE 0.0s

#57 [notification] resolving provenance for metadata file
#57 DONE 0.0s

#49 [backend build 5/8] WORKDIR /app
#49 CACHED

#58 [backend build 8/8] RUN --mount=type=cache,target=/root/.m2,sharing=locked mvn -q -B clean package -DskipTests
#58 CACHED

#59 [backend build 6/8] COPY pom.xml .
#59 CACHED

#60 [backend build 7/8] COPY src ./src
#60 CACHED

#46 [backend build 4/8] RUN --mount=type=cache,target=/root/.m2,sharing=locked mvn -q -B -f /commons/pom.xml install
#46 CACHED

#48 [backend build 2/8] COPY --from=commons pom.xml /commons/pom.xml
#48 CACHED

#47 [backend stage-1 2/4] RUN apt-get update     && apt-get install -y --no-install-recommends curl     && rm -rf /var/lib/apt/lists/*
#47 CACHED

#41 [backend stage-1 3/4] WORKDIR /app
#41 CACHED

#45 [backend build 3/8] COPY --from=commons src /commons/src
#45 CACHED

#61 [backend stage-1 4/4] COPY --from=build /app/target/*.jar app.jar
#61 CACHED

#62 [backend] exporting to image
#62 exporting layers done
#62 writing image sha256:d3ec5f4c42ed64cfd9cb2a4f9c7e1f9ddf905da520b2bb5fac6f68a3482faf6e 0.0s done
#62 naming to docker.io/library/petclinic-env-backend:eb6a0d1f done
#62 DONE 0.0s

#63 [backend] resolving provenance for metadata file
#63 DONE 0.0s

✅ petclinic-eb6a0d1f ready — reaps itself after 30 idle minutes
   http://localhost:60796
   (copied to the clipboard)
 Image petclinic-env-backend:eb6a0d1f Building 
 Image petclinic-env-notification:eb6a0d1f Building 
 Image petclinic-env-frontend:eb6a0d1f Building 
 Image petclinic-env-reset:eb6a0d1f Building 
 Image petclinic-env-backend:eb6a0d1f Built 
 Image petclinic-env-frontend:eb6a0d1f Built 
 Image petclinic-env-reset:eb6a0d1f Built 
 Image petclinic-env-notification:eb6a0d1f Built 
 Network petclinic-eb6a0d1f_default Creating 
 Network petclinic-eb6a0d1f_default Created 
 Volume petclinic-eb6a0d1f_activity Creating 
 Volume petclinic-eb6a0d1f_activity Created 
 Volume petclinic-eb6a0d1f_seed Creating 
 Volume petclinic-eb6a0d1f_seed Created 
 Volume petclinic-eb6a0d1f_pgdata Creating 
 Volume petclinic-eb6a0d1f_pgdata Created 
 Container petclinic-eb6a0d1f-reaper-1 Creating 
 Container petclinic-eb6a0d1f-notification-1 Creating 
 Container petclinic-eb6a0d1f-db-1 Creating 
 Container petclinic-eb6a0d1f-notification-1 Created 
 Container petclinic-eb6a0d1f-reaper-1 Created 
 Container petclinic-eb6a0d1f-db-1 Created 
 Container petclinic-eb6a0d1f-backend-1 Creating 
 Container petclinic-eb6a0d1f-backend-1 Created 
 Container petclinic-eb6a0d1f-reset-1 Creating 
 Container petclinic-eb6a0d1f-frontend-1 Creating 
 Container petclinic-eb6a0d1f-reset-1 Created 
 Container petclinic-eb6a0d1f-frontend-1 Created 
 Container petclinic-eb6a0d1f-db-1 Starting 
 Container petclinic-eb6a0d1f-notification-1 Starting 
 Container petclinic-eb6a0d1f-reaper-1 Starting 
 Container petclinic-eb6a0d1f-db-1 Started 
 Container petclinic-eb6a0d1f-notification-1 Started 
 Container petclinic-eb6a0d1f-db-1 Waiting 
 Container petclinic-eb6a0d1f-notification-1 Waiting 
 Container petclinic-eb6a0d1f-reaper-1 Started 
 Container petclinic-eb6a0d1f-notification-1 Healthy 
 Container petclinic-eb6a0d1f-db-1 Healthy 
 Container petclinic-eb6a0d1f-backend-1 Starting 
 Container petclinic-eb6a0d1f-backend-1 Started 
 Container petclinic-eb6a0d1f-backend-1 Waiting 
 Container petclinic-eb6a0d1f-backend-1 Waiting 
 Container petclinic-eb6a0d1f-backend-1 Healthy 
 Container petclinic-eb6a0d1f-reset-1 Starting 
 Container petclinic-eb6a0d1f-backend-1 Healthy 
 Container petclinic-eb6a0d1f-frontend-1 Starting 
 Container petclinic-eb6a0d1f-reset-1 Started 
 Container petclinic-eb6a0d1f-frontend-1 Started 
 Container petclinic-eb6a0d1f-reaper-1 Waiting 
 Container petclinic-eb6a0d1f-db-1 Waiting 
 Container petclinic-eb6a0d1f-backend-1 Waiting 
 Container petclinic-eb6a0d1f-notification-1 Waiting 
 Container petclinic-eb6a0d1f-frontend-1 Waiting 
 Container petclinic-eb6a0d1f-reset-1 Waiting 
 Container petclinic-eb6a0d1f-reaper-1 Healthy 
 Container petclinic-eb6a0d1f-notification-1 Healthy 
 Container petclinic-eb6a0d1f-db-1 Healthy 
 Container petclinic-eb6a0d1f-backend-1 Healthy 
 Container petclinic-eb6a0d1f-reset-1 Healthy 
 Container petclinic-eb6a0d1f-frontend-1 Healthy 
